../Core/Src/stm32h7xx_hal_msp.c:69:6:HAL_MspInit	8	static
../Core/Src/stm32h7xx_hal_msp.c:91:6:HAL_ADC_MspInit	240	static
../Core/Src/stm32h7xx_hal_msp.c:172:6:HAL_ADC_MspDeInit	8	static
../Core/Src/stm32h7xx_hal_msp.c:207:6:HAL_I2C_MspInit	240	static
../Core/Src/stm32h7xx_hal_msp.c:297:6:HAL_I2C_MspDeInit	8	static
../Core/Src/stm32h7xx_hal_msp.c:335:6:HAL_SPI_MspInit	232	static
../Core/Src/stm32h7xx_hal_msp.c:387:6:HAL_SPI_MspDeInit	8	static
../Core/Src/stm32h7xx_hal_msp.c:419:6:HAL_TIM_Base_MspInit	24	static
../Core/Src/stm32h7xx_hal_msp.c:469:6:HAL_TIM_Base_MspDeInit	0	static
../Core/Src/stm32h7xx_hal_msp.c:519:6:HAL_UART_MspInit	240	static
../Core/Src/stm32h7xx_hal_msp.c:603:6:HAL_UART_MspDeInit	8	static
