../Core/Src/main.c:122:5:main	96	static
../Core/Src/main.c:263:6:SystemClock_Config	120	static
../Core/Src/main.c:323:13:MX_ADC1_Init	48	static
../Core/Src/main.c:423:13:MX_I2C1_Init	8	static
../Core/Src/main.c:471:13:MX_SPI3_Init	8	static
../Core/Src/main.c:519:13:MX_TIM1_Init	40	static
../Core/Src/main.c:566:13:MX_TIM4_Init	40	static
../Core/Src/main.c:611:13:MX_UART7_Init	8	static
../Core/Src/main.c:659:13:MX_USART2_UART_Init	8	static
../Core/Src/main.c:705:13:MX_DMA_Init	16	static
../Core/Src/main.c:723:13:MX_GPIO_Init	56	static
../Core/Src/main.c:798:6:MPU_Config	24	static
../Core/Src/main.c:829:6:Error_Handler	4	static,ignoring_inline_asm
